// Jest Snapshot v1, https://goo.gl/fbAQLP

exports[`MovieCard renders correctly 1`] = `
<View
  accessibilityState={
    {
      "busy": undefined,
      "checked": undefined,
      "disabled": undefined,
      "expanded": undefined,
      "selected": undefined,
    }
  }
  accessibilityValue={
    {
      "max": undefined,
      "min": undefined,
      "now": undefined,
      "text": undefined,
    }
  }
  accessible={true}
  collapsable={false}
  focusable={true}
  onClick={[Function]}
  onResponderGrant={[Function]}
  onResponderMove={[Function]}
  onResponderRelease={[Function]}
  onResponderTerminate={[Function]}
  onResponderTerminationRequest={[Function]}
  onStartShouldSetResponder={[Function]}
  style={
    {
      "opacity": 1,
    }
  }
>
  <View
    style={
      {
        "marginVertical": 14,
      }
    }
  >
    <Image
      source={
        {
          "uri": "https://image.tmdb.org/t/p/w500/4MCKNAc6AbWjEsM2h9Xc29owo4z.jpg",
        }
      }
      style={
        {
          "borderColor": "#252525",
          "borderRadius": 10,
          "borderWidth": 2,
          "height": 100,
          "width": 100,
        }
      }
    />
  </View>
</View>
`;
